<html>
<body>
<pre>
<h1>µVision Build Log</h1>
<h2>Tool Versions:</h2>
IDE-Version: ¦ÌVision V5.14.1
Copyright (C) 2015 ARM Ltd and ARM Germany GmbH. All rights reserved.
License Information: Cortex-M3, Microsoft, LIC=JDASB-2DJMW-GPJZR-KBED3-3ETBD-CDHKV
 
Tool Versions:
Toolchain:       MDK-ARM Professional  Version: 5.14.0.0
Toolchain Path:  C:\Keil_v5\ARM\ARMCC\Bin
C Compiler:      Armcc.exe V5.05 update 1 (build 106)
Assembler:       Armasm.exe V5.05 update 1 (build 106)
Linker/Locator:  ArmLink.exe V5.05 update 1 (build 106)
Library Manager: ArmAr.exe V5.05 update 1 (build 106)
Hex Converter:   FromElf.exe V5.05 update 1 (build 106)
CPU DLL:         SARMCM3.DLL V5.14.0.0
Dialog DLL:      DARMSTM.DLL V1.65.0.0
Target DLL:      Segger\JL2CM3.dll V2.99.13.0
Dialog DLL:      TARMSTM.DLL V1.64.0.0
 
<h2>Project:</h2>
C:\Users\Administrator.PC-201706221038\Desktop\liblightmodbus-master\modus\USER\USART.uvprojx
Project File Date:  12/24/2018

<h2>Output:</h2>
*** Using Compiler 'V5.05 update 1 (build 106)', folder: 'C:\Keil_v5\ARM\ARMCC\Bin'
Build target 'USART'
compiling modbus.c...
modbus.c(104): warning:  #550-D: variable "start_address" was set but never used
        u16                      start_address;
modbus.c(151): warning:  #550-D: variable "start_address" was set but never used
        u16                      start_address;
modbus.c(203): warning:  #550-D: variable "start_address" was set but never used
        u16                      start_address;
modbus.c(254): warning:  #550-D: variable "start_address" was set but never used
        u16                      start_address;
modbus.c(255): warning:  #550-D: variable "write_val" was set but never used
    u16              write_val;
modbus.c(257): warning:  #177-D: variable "byte_cnt" was declared but never referenced
        u8                               byte_cnt;
modbus.c(304): warning:  #550-D: variable "start_address" was set but never used
        u16                      start_address;
modbus.c(359): warning:  #550-D: variable "start_address" was set but never used
        u16                      start_address;
modbus.c(360): warning:  #550-D: variable "write_val" was set but never used
      u16              write_val;
modbus.c(408): warning:  #550-D: variable "start_address" was set but never used
        u16                      start_address;
modbus.c: 10 warnings, 0 errors
compiling modbus-layout.c...
linking...
Program Size: Code=9528 RO-data=848 RW-data=88 ZI-data=1904  
FromELF: creating hex file...
"..\OBJ\USART.axf" - 0 Error(s), 10 Warning(s).

<h2>Collection of Component include folders:</h2>
  C:\Users\Administrator.PC-201706221038\Desktop\liblightmodbus-master\modus\USER\RTE
  C:\Keil_v5\ARM\PACK\Keil\STM32F1xx_DFP\1.0.4\Device\Include

<h2>Collection of Component Files used:</h2>
</pre>
</body>
</html>
